---
source: sd-core/src/language/mod.rs
expression: to_pet(&graph)
---
Graph {
    Ty: "Directed",
    node_count: 4,
    edge_count: 3,
    edges: (1, 0), (0, 1), (2, 3),
    node weights: {
        0: Thunk(
            Graph {
                Ty: "Directed",
                node_count: 10,
                edge_count: 11,
                edges: (2, 3), (4, 3), (3, 5), (0, 6), (2, 6), (1, 6), (7, 6), (6, 8), (1, 9), (9, 4), (9, 7),
                node weights: {
                    0: Edge(
                        FreeVar(
                            Symbol {
                                symbol: "add2",
                            },
                        ),
                    ),
                    1: Edge(
                        BoundVar(
                            Var {
                                name: Name(
                                    "a",
                                ),
                            },
                        ),
                    ),
                    2: Edge(
                        BoundVar(
                            Var {
                                name: Name(
                                    "b",
                                ),
                            },
                        ),
                    ),
                    3: Thunk(
                        Graph {
                            Ty: "Directed",
                            node_count: 3,
                            edge_count: 2,
                            edges: (0, 1), (1, 2),
                            node weights: {
                                0: Edge(
                                    BoundVar(
                                        Var {
                                            name: Name(
                                                "b",
                                            ),
                                        },
                                    ),
                                ),
                                1: Operation(
                                    Terminator(
                                        Ret(
                                            Ret {
                                                return_operand: Some(
                                                    LocalOperand {
                                                        name: Name(
                                                            "b",
                                                        ),
                                                        ty: TypeRef(
                                                            IntegerType {
                                                                bits: 32,
                                                            },
                                                        ),
                                                    },
                                                ),
                                                debugloc: None,
                                            },
                                        ),
                                    ),
                                ),
                                2: Edge(
                                    CF(
                                        None,
                                    ),
                                ),
                            },
                            edge weights: {
                                0: 0,
                                1: 0,
                            },
                        },
                    ),
                    4: Edge(
                        CF(
                            Some(
                                Name(
                                    "done",
                                ),
                            ),
                        ),
                    ),
                    5: Edge(
                        CF(
                            None,
                        ),
                    ),
                    6: Thunk(
                        Graph {
                            Ty: "Directed",
                            node_count: 17,
                            edge_count: 16,
                            edges: (4, 3), (3, 5), (7, 6), (8, 6), (9, 6), (6, 4), (0, 10), (10, 7), (1, 11), (12, 11), (11, 9), (13, 12), (2, 14), (15, 14), (14, 8), (16, 15),
                            node weights: {
                                0: Edge(
                                    FreeVar(
                                        Symbol {
                                            symbol: "add2",
                                        },
                                    ),
                                ),
                                1: Edge(
                                    BoundVar(
                                        Var {
                                            name: Name(
                                                "b",
                                            ),
                                        },
                                    ),
                                ),
                                2: Edge(
                                    BoundVar(
                                        Var {
                                            name: Name(
                                                "a",
                                            ),
                                        },
                                    ),
                                ),
                                3: Operation(
                                    Terminator(
                                        Ret(
                                            Ret {
                                                return_operand: Some(
                                                    LocalOperand {
                                                        name: Name(
                                                            "tmp4",
                                                        ),
                                                        ty: TypeRef(
                                                            IntegerType {
                                                                bits: 32,
                                                            },
                                                        ),
                                                    },
                                                ),
                                                debugloc: None,
                                            },
                                        ),
                                    ),
                                ),
                                4: Edge(
                                    BoundVar(
                                        Var {
                                            name: Name(
                                                "tmp4",
                                            ),
                                        },
                                    ),
                                ),
                                5: Edge(
                                    CF(
                                        None,
                                    ),
                                ),
                                6: Operation(
                                    Instruction(
                                        Call(
                                            Call {
                                                function: Right(
                                                    ConstantOperand(
                                                        ConstantRef(
                                                            GlobalReference {
                                                                name: Name(
                                                                    "add2",
                                                                ),
                                                                ty: TypeRef(
                                                                    FuncType {
                                                                        result_type: TypeRef(
                                                                            IntegerType {
                                                                                bits: 32,
                                                                            },
                                                                        ),
                                                                        param_types: [
                                                                            TypeRef(
                                                                                IntegerType {
                                                                                    bits: 32,
                                                                                },
                                                                            ),
                                                                            TypeRef(
                                                                                IntegerType {
                                                                                    bits: 32,
                                                                                },
                                                                            ),
                                                                        ],
                                                                        is_var_arg: false,
                                                                    },
                                                                ),
                                                            },
                                                        ),
                                                    ),
                                                ),
                                                function_ty: TypeRef(
                                                    FuncType {
                                                        result_type: TypeRef(
                                                            IntegerType {
                                                                bits: 32,
                                                            },
                                                        ),
                                                        param_types: [
                                                            TypeRef(
                                                                IntegerType {
                                                                    bits: 32,
                                                                },
                                                            ),
                                                            TypeRef(
                                                                IntegerType {
                                                                    bits: 32,
                                                                },
                                                            ),
                                                        ],
                                                        is_var_arg: false,
                                                    },
                                                ),
                                                arguments: [
                                                    (
                                                        LocalOperand {
                                                            name: Name(
                                                                "tmp2",
                                                            ),
                                                            ty: TypeRef(
                                                                IntegerType {
                                                                    bits: 32,
                                                                },
                                                            ),
                                                        },
                                                        [],
                                                    ),
                                                    (
                                                        LocalOperand {
                                                            name: Name(
                                                                "tmp3",
                                                            ),
                                                            ty: TypeRef(
                                                                IntegerType {
                                                                    bits: 32,
                                                                },
                                                            ),
                                                        },
                                                        [],
                                                    ),
                                                ],
                                                return_attributes: [],
                                                dest: Some(
                                                    Name(
                                                        "tmp4",
                                                    ),
                                                ),
                                                function_attributes: [],
                                                is_tail_call: false,
                                                calling_convention: C,
                                                debugloc: None,
                                            },
                                        ),
                                    ),
                                ),
                                7: Edge(
                                    Nil,
                                ),
                                8: Edge(
                                    BoundVar(
                                        Var {
                                            name: Name(
                                                "tmp2",
                                            ),
                                        },
                                    ),
                                ),
                                9: Edge(
                                    BoundVar(
                                        Var {
                                            name: Name(
                                                "tmp3",
                                            ),
                                        },
                                    ),
                                ),
                                10: Operation(
                                    Constant(
                                        ConstantRef(
                                            GlobalReference {
                                                name: Name(
                                                    "add2",
                                                ),
                                                ty: TypeRef(
                                                    FuncType {
                                                        result_type: TypeRef(
                                                            IntegerType {
                                                                bits: 32,
                                                            },
                                                        ),
                                                        param_types: [
                                                            TypeRef(
                                                                IntegerType {
                                                                    bits: 32,
                                                                },
                                                            ),
                                                            TypeRef(
                                                                IntegerType {
                                                                    bits: 32,
                                                                },
                                                            ),
                                                        ],
                                                        is_var_arg: false,
                                                    },
                                                ),
                                            },
                                        ),
                                    ),
                                ),
                                11: Operation(
                                    Instruction(
                                        Add(
                                            Add {
                                                operand0: LocalOperand {
                                                    name: Name(
                                                        "b",
                                                    ),
                                                    ty: TypeRef(
                                                        IntegerType {
                                                            bits: 32,
                                                        },
                                                    ),
                                                },
                                                operand1: ConstantOperand(
                                                    ConstantRef(
                                                        Int {
                                                            bits: 32,
                                                            value: 1,
                                                        },
                                                    ),
                                                ),
                                                dest: Name(
                                                    "tmp3",
                                                ),
                                                nuw: false,
                                                nsw: false,
                                                debugloc: None,
                                            },
                                        ),
                                    ),
                                ),
                                12: Edge(
                                    Nil,
                                ),
                                13: Operation(
                                    Constant(
                                        ConstantRef(
                                            Int {
                                                bits: 32,
                                                value: 1,
                                            },
                                        ),
                                    ),
                                ),
                                14: Operation(
                                    Instruction(
                                        Sub(
                                            Sub {
                                                operand0: LocalOperand {
                                                    name: Name(
                                                        "a",
                                                    ),
                                                    ty: TypeRef(
                                                        IntegerType {
                                                            bits: 32,
                                                        },
                                                    ),
                                                },
                                                operand1: ConstantOperand(
                                                    ConstantRef(
                                                        Int {
                                                            bits: 32,
                                                            value: 1,
                                                        },
                                                    ),
                                                ),
                                                dest: Name(
                                                    "tmp2",
                                                ),
                                                nuw: false,
                                                nsw: false,
                                                debugloc: None,
                                            },
                                        ),
                                    ),
                                ),
                                15: Edge(
                                    Nil,
                                ),
                                16: Operation(
                                    Constant(
                                        ConstantRef(
                                            Int {
                                                bits: 32,
                                                value: 1,
                                            },
                                        ),
                                    ),
                                ),
                            },
                            edge weights: {
                                0: 0,
                                1: 0,
                                2: 0,
                                3: 1,
                                4: 2,
                                5: 0,
                                6: 0,
                                7: 0,
                                8: 0,
                                9: 1,
                                10: 0,
                                11: 0,
                                12: 0,
                                13: 1,
                                14: 0,
                                15: 0,
                            },
                        },
                    ),
                    7: Edge(
                        CF(
                            Some(
                                Name(
                                    "recurse",
                                ),
                            ),
                        ),
                    ),
                    8: Edge(
                        CF(
                            None,
                        ),
                    ),
                    9: Thunk(
                        Graph {
                            Ty: "Directed",
                            node_count: 10,
                            edge_count: 9,
                            edges: (2, 1), (1, 3), (1, 4), (6, 5), (0, 5), (7, 5), (5, 2), (8, 7), (9, 6),
                            node weights: {
                                0: Edge(
                                    BoundVar(
                                        Var {
                                            name: Name(
                                                "a",
                                            ),
                                        },
                                    ),
                                ),
                                1: Operation(
                                    Terminator(
                                        CondBr(
                                            CondBr {
                                                condition: LocalOperand {
                                                    name: Name(
                                                        "tmp1",
                                                    ),
                                                    ty: TypeRef(
                                                        IntegerType {
                                                            bits: 1,
                                                        },
                                                    ),
                                                },
                                                true_dest: Name(
                                                    "done",
                                                ),
                                                false_dest: Name(
                                                    "recurse",
                                                ),
                                                debugloc: None,
                                            },
                                        ),
                                    ),
                                ),
                                2: Edge(
                                    BoundVar(
                                        Var {
                                            name: Name(
                                                "tmp1",
                                            ),
                                        },
                                    ),
                                ),
                                3: Edge(
                                    CF(
                                        Some(
                                            Name(
                                                "done",
                                            ),
                                        ),
                                    ),
                                ),
                                4: Edge(
                                    CF(
                                        Some(
                                            Name(
                                                "recurse",
                                            ),
                                        ),
                                    ),
                                ),
                                5: Operation(
                                    Instruction(
                                        ICmp(
                                            ICmp {
                                                predicate: EQ,
                                                operand0: LocalOperand {
                                                    name: Name(
                                                        "a",
                                                    ),
                                                    ty: TypeRef(
                                                        IntegerType {
                                                            bits: 32,
                                                        },
                                                    ),
                                                },
                                                operand1: ConstantOperand(
                                                    ConstantRef(
                                                        Int {
                                                            bits: 32,
                                                            value: 0,
                                                        },
                                                    ),
                                                ),
                                                dest: Name(
                                                    "tmp1",
                                                ),
                                                debugloc: None,
                                            },
                                        ),
                                    ),
                                ),
                                6: Edge(
                                    Nil,
                                ),
                                7: Edge(
                                    Nil,
                                ),
                                8: Operation(
                                    Constant(
                                        ConstantRef(
                                            Int {
                                                bits: 32,
                                                value: 0,
                                            },
                                        ),
                                    ),
                                ),
                                9: Operation(
                                    IntPredicate(
                                        EQ,
                                    ),
                                ),
                            },
                            edge weights: {
                                0: 0,
                                1: 0,
                                2: 1,
                                3: 0,
                                4: 1,
                                5: 2,
                                6: 0,
                                7: 0,
                                8: 0,
                            },
                        },
                    ),
                },
                edge weights: {
                    0: 0,
                    1: 1,
                    2: 0,
                    3: 0,
                    4: 1,
                    5: 2,
                    6: 3,
                    7: 0,
                    8: 0,
                    9: 0,
                    10: 1,
                },
            },
        ),
        1: Edge(
            FreeVar(
                Symbol {
                    symbol: "add2",
                },
            ),
        ),
        2: Thunk(
            Graph {
                Ty: "Directed",
                node_count: 4,
                edge_count: 3,
                edges: (0, 2), (1, 2), (2, 3),
                node weights: {
                    0: Edge(
                        BoundVar(
                            Var {
                                name: Name(
                                    "a",
                                ),
                            },
                        ),
                    ),
                    1: Edge(
                        BoundVar(
                            Var {
                                name: Name(
                                    "b",
                                ),
                            },
                        ),
                    ),
                    2: Thunk(
                        Graph {
                            Ty: "Directed",
                            node_count: 6,
                            edge_count: 5,
                            edges: (3, 2), (2, 4), (0, 5), (1, 5), (5, 3),
                            node weights: {
                                0: Edge(
                                    BoundVar(
                                        Var {
                                            name: Name(
                                                "a",
                                            ),
                                        },
                                    ),
                                ),
                                1: Edge(
                                    BoundVar(
                                        Var {
                                            name: Name(
                                                "b",
                                            ),
                                        },
                                    ),
                                ),
                                2: Operation(
                                    Terminator(
                                        Ret(
                                            Ret {
                                                return_operand: Some(
                                                    LocalOperand {
                                                        name: Name(
                                                            "tmp1",
                                                        ),
                                                        ty: TypeRef(
                                                            IntegerType {
                                                                bits: 32,
                                                            },
                                                        ),
                                                    },
                                                ),
                                                debugloc: None,
                                            },
                                        ),
                                    ),
                                ),
                                3: Edge(
                                    BoundVar(
                                        Var {
                                            name: Name(
                                                "tmp1",
                                            ),
                                        },
                                    ),
                                ),
                                4: Edge(
                                    CF(
                                        None,
                                    ),
                                ),
                                5: Operation(
                                    Instruction(
                                        Add(
                                            Add {
                                                operand0: LocalOperand {
                                                    name: Name(
                                                        "a",
                                                    ),
                                                    ty: TypeRef(
                                                        IntegerType {
                                                            bits: 32,
                                                        },
                                                    ),
                                                },
                                                operand1: LocalOperand {
                                                    name: Name(
                                                        "b",
                                                    ),
                                                    ty: TypeRef(
                                                        IntegerType {
                                                            bits: 32,
                                                        },
                                                    ),
                                                },
                                                dest: Name(
                                                    "tmp1",
                                                ),
                                                nuw: false,
                                                nsw: false,
                                                debugloc: None,
                                            },
                                        ),
                                    ),
                                ),
                            },
                            edge weights: {
                                0: 0,
                                1: 0,
                                2: 0,
                                3: 1,
                                4: 0,
                            },
                        },
                    ),
                    3: Edge(
                        CF(
                            None,
                        ),
                    ),
                },
                edge weights: {
                    0: 0,
                    1: 1,
                    2: 0,
                },
            },
        ),
        3: Edge(
            FreeVar(
                Symbol {
                    symbol: "add1",
                },
            ),
        ),
    },
    edge weights: {
        0: 0,
        1: 0,
        2: 0,
    },
}
