---
source: sd-core/src/language/mod.rs
expression: to_pet(&graph)
---
Graph(
  nodes: [
    Operation(Number(1)),
  ],
  node_holes: [],
  edge_property: directed,
  edges: [],
)
