---
source: sd-core/src/language/mod.rs
expression: to_pet(&graph)
---
Graph(
  nodes: [
    Thunk(Graph(
      nodes: [
        Edge(BoundVar(VariableDef(
          var: Variable("x"),
          meta: None,
        ))),
      ],
      node_holes: [],
      edge_property: directed,
      edges: [],
    )),
  ],
  node_holes: [],
  edge_property: directed,
  edges: [],
)
