---
source: sd-core/src/prettyprinter/sd_lang.rs
expression: expr.to_pretty()
---
bind f = lambda(x .
    bind g = lambda(y . app(f, y)) in
    app(g, x)
) in
f
