---
source: sd-core/src/prettyprinter/sd_lang.rs
expression: expr.to_pretty()
---
bind b = times(a) in
bind c = minus(b, a) in
bind a = plus(b, c) in
a
