---
source: sd-core/src/prettyprinter/sd_lang.rs
expression: expr.to_pretty()
---
bind c = eq(x, 1) in
bind d = minus(x, 1) in
c
