---
source: sd-core/src/prettyprinter/sd_lang.rs
expression: expr.to_pretty()
---
bind a = not(b) in
bind b = not(a) in
a
