---
source: sd-core/src/prettyprinter/sd_lang.rs
expression: expr.to_pretty()
---
bind () =  . a with y in
()
