---
source: sd-core/src/prettyprinter/sd_lang.rs
expression: expr.to_pretty()
---
lambda(y . lambda( . plus(y)))
