---
source: sd-core/src/prettyprinter/sd_lang.rs
expression: expr.to_pretty()
---
bind x = 1 in
bind y = plus(x, x . minus(x)) in
y
