---
source: sd-core/src/prettyprinter/sd_lang.rs
expression: expr.to_pretty()
---
lambda(x . lambda(a, y . not(b)))
