---
source: sd-core/src/graph.rs
expression: expr.free_var_test()
---
{}
