---
source: sd-graphics/tests/svg.rs
expression: "<svg height=\"175\" width=\"200\" xmlns=\"http://www.w3.org/2000/svg\">\n<line stroke=\"#000000ff\" stroke-width=\"1\" x1=\"50\" x2=\"50\" y1=\"0.00000014960996\" y2=\"25\"/>\n<line stroke=\"#000000ff\" stroke-width=\"1\" x1=\"100\" x2=\"100\" y1=\"0.00000014960996\" y2=\"25\"/>\n<path d=\"M50,25 C50,37.5,50,37.5,50,50\" fill=\"none\" stroke=\"#000000ff\" stroke-width=\"1\"/>\n<path d=\"M100,25 C100,37.5,100,37.5,100,50\" fill=\"none\" stroke=\"#000000ff\" stroke-width=\"1\"/>\n<rect fill=\"none\" height=\"100\" stroke=\"gray\" stroke-width=\"1\" width=\"150\" x=\"25\" y=\"50\"/>\n<circle cx=\"150\" cy=\"50\" fill=\"#000000ff\" r=\"2.5\"/>\n<circle cx=\"150\" cy=\"150\" fill=\"#000000ff\" r=\"2.5\"/>\n<line stroke=\"#000000ff\" stroke-width=\"1\" x1=\"150\" x2=\"150\" y1=\"50\" y2=\"75\"/>\n<line stroke=\"#000000ff\" stroke-width=\"1\" x1=\"150\" x2=\"150\" y1=\"125\" y2=\"150\"/>\n<path d=\"M150,75 C150,95.00001,150,100,150,100\" fill=\"none\" stroke=\"#000000ff\" stroke-width=\"1\"/>\n<path d=\"M150,100 C150,100,150,104.99999,150,125\" fill=\"none\" stroke=\"#000000ff\" stroke-width=\"1\"/>\n</svg>"
extension: svg
snapshot_kind: binary
---
