---
source: sd-graphics/tests/svg.rs
expression: "<svg height=\"175\" width=\"225\" xmlns=\"http://www.w3.org/2000/svg\">\n<line stroke=\"black\" stroke-width=\"1\" x1=\"50\" x2=\"50\" y1=\"0.00000036789066\" y2=\"25\"/>\n<line stroke=\"black\" stroke-width=\"1\" x1=\"150\" x2=\"150\" y1=\"0.00000036789106\" y2=\"25\"/>\n<line stroke=\"black\" stroke-width=\"1\" x1=\"200\" x2=\"200\" y1=\"0.00000036789106\" y2=\"25\"/>\n<line stroke=\"black\" stroke-width=\"1\" x1=\"175\" x2=\"175\" y1=\"75\" y2=\"175\"/>\n<path d=\"M50,25 C50,37.5,50,37.5,50,50\" fill=\"none\" stroke=\"black\" stroke-width=\"1\"/>\n<rect fill=\"none\" height=\"100\" stroke=\"gray\" stroke-width=\"1\" width=\"100\" x=\"25\" y=\"50\"/>\n<circle cx=\"100\" cy=\"50\" fill=\"black\" r=\"2.5\"/>\n<circle cx=\"75\" cy=\"150\" fill=\"black\" r=\"2.5\"/>\n<line stroke=\"black\" stroke-width=\"1\" x1=\"50\" x2=\"50\" y1=\"50\" y2=\"75\"/>\n<line stroke=\"black\" stroke-width=\"1\" x1=\"100\" x2=\"100\" y1=\"50\" y2=\"75\"/>\n<line stroke=\"black\" stroke-width=\"1\" x1=\"75\" x2=\"75\" y1=\"125\" y2=\"150\"/>\n<path d=\"M50,75 C50,95.00001,60.000004,100,75,100\" fill=\"none\" stroke=\"black\" stroke-width=\"1\"/>\n<path d=\"M100,75 C100,95.00001,90,100,75,100\" fill=\"none\" stroke=\"black\" stroke-width=\"1\"/>\n<path d=\"M75,100 C75,100,75,104.99999,75,125\" fill=\"none\" stroke=\"black\" stroke-width=\"1\"/>\n<g>\n<rect fill=\"white\" height=\"20\" rx=\"10\" ry=\"10\" stroke=\"black\" stroke-width=\"1\" width=\"20\" x=\"65\" y=\"90\"/>\n<text dominant-baseline=\"middle\" font-family=\"monospace\" font-size=\"16\" text-anchor=\"middle\" x=\"75\" y=\"100\">\n+\n</text>\n</g>\n<path d=\"M150,25 C150,45,160,50,175,50\" fill=\"none\" stroke=\"black\" stroke-width=\"1\"/>\n<path d=\"M200,25 C200,45,190.00002,50,175,50\" fill=\"none\" stroke=\"black\" stroke-width=\"1\"/>\n<path d=\"M175,50 C175,50,175,55,175,75\" fill=\"none\" stroke=\"black\" stroke-width=\"1\"/>\n<g>\n<rect fill=\"white\" height=\"20\" rx=\"10\" ry=\"10\" stroke=\"black\" stroke-width=\"1\" width=\"20\" x=\"165\" y=\"40\"/>\n<text dominant-baseline=\"middle\" font-family=\"monospace\" font-size=\"16\" text-anchor=\"middle\" x=\"175\" y=\"50\">\n+\n</text>\n</g>\n</svg>"
extension: svg
snapshot_kind: binary
---
