---
source: sd-graphics/tests/svg.rs
expression: "<svg height=\"175\" width=\"150\" xmlns=\"http://www.w3.org/2000/svg\">\n<line stroke=\"black\" stroke-width=\"1\" x1=\"50\" x2=\"50\" y1=\"0.000000052063797\" y2=\"25\"/>\n<path d=\"M50,25 C50,37.5,50,37.5,50,50\" fill=\"none\" stroke=\"black\" stroke-width=\"1\"/>\n<rect fill=\"none\" height=\"100\" stroke=\"gray\" stroke-width=\"1\" width=\"100\" x=\"25\" y=\"50\"/>\n<circle cx=\"100\" cy=\"50\" fill=\"black\" r=\"2.5\"/>\n<circle cx=\"100\" cy=\"150\" fill=\"black\" r=\"2.5\"/>\n<line stroke=\"black\" stroke-width=\"1\" x1=\"100\" x2=\"100\" y1=\"50\" y2=\"75\"/>\n<line stroke=\"black\" stroke-width=\"1\" x1=\"100\" x2=\"100\" y1=\"125\" y2=\"150\"/>\n<path d=\"M100,75 C100,95.00001,100,100,100,100\" fill=\"none\" stroke=\"black\" stroke-width=\"1\"/>\n<path d=\"M100,100 C100,100,100,104.99999,100,125\" fill=\"none\" stroke=\"black\" stroke-width=\"1\"/>\n</svg>"
extension: svg
snapshot_kind: binary
---
