---
source: sd-graphics/src/layout.rs
expression: "layout(&examples::int(), Solver::default()).expect(\"Layout failed\")"
---
LayoutInternal(
  h_min: -0.000000000027437294,
  h_max: 1.0,
  v_min: -0.000000000008786459,
  v_max: 1.5,
  nodes: [
    [
      NodeOffset(
        node: Atom(
          h_pos: 0.5,
          v_pos: 0.5,
          extra_size: 0.0,
        ),
        inputs: Range(
          start: 0,
          end: 0,
        ),
        outputs: Range(
          start: 0,
          end: 1,
        ),
      ),
    ],
  ],
  wires: [
    [],
    [
      WireData(
        h: 0.5,
        v_min: 1.0,
        v_max: 1.5,
      ),
    ],
  ],
)
